// Jest Snapshot v1, https://goo.gl/fbAQLP

exports[`should render correctly 1`] = `
<section
  className="AddTask"
>
  <form
    onSubmit={[Function]}
  >
    <label
      htmlFor="AddTask"
    >
      <h1>
        Add Task
      </h1>
      <input
        data-testid="AddTask"
        id="AddTask"
        onChange={[Function]}
        type="text"
        value=""
      />
    </label>
    <button>
      Add
    </button>
  </form>
</section>
`;
